Requirement already satisfied: pip in d:\@kaifa\shoucang\benchmarks\phase1\.venv-openvino\lib\site-packages (25.0.1)
Collecting pip
  Using cached pip-26.2-py3-none-any.whl.metadata (4.6 kB)
Collecting openvino-genai==2026.2.1.0
  Downloading openvino_genai-2026.2.1.0-2351-cp312-cp312-win_amd64.whl.metadata (27 kB)
Collecting huggingface-hub<2,>=0.34
  Using cached huggingface_hub-1.26.0-py3-none-any.whl.metadata (16 kB)
Collecting numpy<3,>=2
  Using cached numpy-2.5.1-cp312-cp312-win_amd64.whl.metadata (6.6 kB)
Collecting openvino_tokenizers~=2026.2.1.0.dev (from openvino-genai==2026.2.1.0)
  Downloading openvino_tokenizers-2026.2.1.0-py3-none-win_amd64.whl.metadata (30 kB)
Collecting click<9.0.0,>=8.4.2 (from huggingface-hub<2,>=0.34)
  Using cached click-8.4.2-py3-none-any.whl.metadata (2.6 kB)
Collecting filelock>=3.10.0 (from huggingface-hub<2,>=0.34)
  Using cached filelock-3.32.2-py3-none-any.whl.metadata (2.0 kB)
Collecting fsspec>=2023.5.0 (from huggingface-hub<2,>=0.34)
  Using cached fsspec-2026.7.0-py3-none-any.whl.metadata (10 kB)
Collecting hf-xet<2.0.0,>=1.5.1 (from huggingface-hub<2,>=0.34)
  Using cached hf_xet-1.5.2-cp38-abi3-win_amd64.whl.metadata (4.9 kB)
Collecting httpx<1,>=0.23.0 (from huggingface-hub<2,>=0.34)
  Using cached httpx-0.28.1-py3-none-any.whl.metadata (7.1 kB)
Collecting packaging>=20.9 (from huggingface-hub<2,>=0.34)
  Using cached packaging-26.2-py3-none-any.whl.metadata (3.5 kB)
Collecting pyyaml>=5.1 (from huggingface-hub<2,>=0.34)
  Using cached pyyaml-6.0.3-cp312-cp312-win_amd64.whl.metadata (2.4 kB)
Collecting tqdm>=4.42.1 (from huggingface-hub<2,>=0.34)
  Using cached tqdm-4.70.0-py3-none-any.whl.metadata (57 kB)
Collecting typing-extensions>=4.1.0 (from huggingface-hub<2,>=0.34)
  Using cached typing_extensions-4.16.0-py3-none-any.whl.metadata (3.3 kB)
Collecting colorama (from click<9.0.0,>=8.4.2->huggingface-hub<2,>=0.34)
  Using cached colorama-0.4.6-py2.py3-none-any.whl.metadata (17 kB)
Collecting anyio (from httpx<1,>=0.23.0->huggingface-hub<2,>=0.34)
  Using cached anyio-4.14.2-py3-none-any.whl.metadata (4.6 kB)
Collecting certifi (from httpx<1,>=0.23.0->huggingface-hub<2,>=0.34)
  Using cached certifi-2026.7.22-py3-none-any.whl.metadata (2.5 kB)
Collecting httpcore==1.* (from httpx<1,>=0.23.0->huggingface-hub<2,>=0.34)
  Using cached httpcore-1.0.9-py3-none-any.whl.metadata (21 kB)
Collecting idna (from httpx<1,>=0.23.0->huggingface-hub<2,>=0.34)
  Using cached idna-3.18-py3-none-any.whl.metadata (6.1 kB)
Collecting h11>=0.16 (from httpcore==1.*->httpx<1,>=0.23.0->huggingface-hub<2,>=0.34)
  Using cached h11-0.16.0-py3-none-any.whl.metadata (8.3 kB)
Collecting openvino~=2026.2.1.0.dev (from openvino_tokenizers~=2026.2.1.0.dev->openvino-genai==2026.2.1.0)
  Downloading openvino-2026.2.1-21919-cp312-cp312-win_amd64.whl.metadata (12 kB)
Collecting numpy<3,>=2
  Downloading numpy-2.4.6-cp312-cp312-win_amd64.whl.metadata (6.6 kB)
Collecting openvino-telemetry>=2023.2.1 (from openvino~=2026.2.1.0.dev->openvino_tokenizers~=2026.2.1.0.dev->openvino-genai==2026.2.1.0)
  Downloading openvino_telemetry-2025.2.0-py3-none-any.whl.metadata (2.3 kB)
Downloading openvino_genai-2026.2.1.0-2351-cp312-cp312-win_amd64.whl (3.1 MB)
   ---------------------------------------- 3.1/3.1 MB 3.7 MB/s eta 0:00:00
Using cached pip-26.2-py3-none-any.whl (1.8 MB)
Using cached huggingface_hub-1.26.0-py3-none-any.whl (780 kB)
Using cached click-8.4.2-py3-none-any.whl (119 kB)
Using cached filelock-3.32.2-py3-none-any.whl (98 kB)
Using cached fsspec-2026.7.0-py3-none-any.whl (206 kB)
Using cached hf_xet-1.5.2-cp38-abi3-win_amd64.whl (4.0 MB)
Using cached httpx-0.28.1-py3-none-any.whl (73 kB)
Using cached httpcore-1.0.9-py3-none-any.whl (78 kB)
Downloading openvino_tokenizers-2026.2.1.0-py3-none-win_amd64.whl (1.5 MB)
   ---------------------------------------- 1.5/1.5 MB 6.7 MB/s eta 0:00:00
Using cached packaging-26.2-py3-none-any.whl (100 kB)
Using cached pyyaml-6.0.3-cp312-cp312-win_amd64.whl (154 kB)
Using cached tqdm-4.70.0-py3-none-any.whl (80 kB)
Using cached typing_extensions-4.16.0-py3-none-any.whl (45 kB)
Downloading openvino-2026.2.1-21919-cp312-cp312-win_amd64.whl (76.2 MB)
   ---------------------------------------- 76.2/76.2 MB 6.9 MB/s eta 0:00:00
Downloading numpy-2.4.6-cp312-cp312-win_amd64.whl (12.3 MB)
   ---------------------------------------- 12.3/12.3 MB 5.7 MB/s eta 0:00:00
Using cached anyio-4.14.2-py3-none-any.whl (125 kB)
Using cached idna-3.18-py3-none-any.whl (65 kB)
Using cached certifi-2026.7.22-py3-none-any.whl (136 kB)
Using cached colorama-0.4.6-py2.py3-none-any.whl (25 kB)
Using cached h11-0.16.0-py3-none-any.whl (37 kB)
Downloading openvino_telemetry-2025.2.0-py3-none-any.whl (25 kB)
Installing collected packages: openvino-telemetry, typing-extensions, pyyaml, pip, packaging, numpy, idna, hf-xet, h11, fsspec, filelock, colorama, certifi, tqdm, openvino, httpcore, click, anyio, openvino_tokenizers, httpx, openvino-genai, huggingface-hub
  Attempting uninstall: pip
    Found existing installation: pip 25.0.1
    Uninstalling pip-25.0.1:
      Successfully uninstalled pip-25.0.1
Successfully installed anyio-4.14.2 certifi-2026.7.22 click-8.4.2 colorama-0.4.6 filelock-3.32.2 fsspec-2026.7.0 h11-0.16.0 hf-xet-1.5.2 httpcore-1.0.9 httpx-0.28.1 huggingface-hub-1.26.0 idna-3.18 numpy-2.4.6 openvino-2026.2.1 openvino-genai-2026.2.1.0 openvino-telemetry-2025.2.0 openvino_tokenizers-2026.2.1.0 packaging-26.2 pip-26.2 pyyaml-6.0.3 tqdm-4.70.0 typing-extensions-4.16.0
